This is pdfTeX, Version 3.141592653-2.6-1.40.22 (TeX Live 2022/dev/Debian) (preloaded format=pdflatex 2026.8.20)  21 AUG 2026 11:19
entering extended mode
 restricted \write18 enabled.
 file:line:error style messages enabled.
 %&-line parsing enabled.
**"/home/romain/Documents/GitHub/Rédaction thèse/Planar_broken_book_decomposition(4)/main.tex"
(/home/romain/Documents/GitHub/Rédaction thèse/Planar_broken_book_decomposition(4)/main.tex
LaTeX2e <2021-11-15> patch level 1
L3 programming layer <2022-01-21> (/usr/share/texlive/texmf-dist/tex/latex/base/article.cls
Document Class: article 2021/10/04 v1.4n Standard LaTeX document class
(/usr/share/texlive/texmf-dist/tex/latex/base/size10.clo
File: size10.clo 2021/10/04 v1.4n Standard LaTeX file (size option)
)
\c@part=\count185
\c@section=\count186
\c@subsection=\count187
\c@subsubsection=\count188
\c@paragraph=\count189
\c@subparagraph=\count190
\c@figure=\count191
\c@table=\count192
\abovecaptionskip=\skip47
\belowcaptionskip=\skip48
\bibindent=\dimen138
) (/usr/share/texlive/texmf-dist/tex/latex/graphics/graphicx.sty
Package: graphicx 2021/09/16 v1.2d Enhanced LaTeX Graphics (DPC,SPQR)
 (/usr/share/texlive/texmf-dist/tex/latex/graphics/keyval.sty
Package: keyval 2014/10/28 v1.15 key=value parser (DPC)
\KV@toks@=\toks16
) (/usr/share/texlive/texmf-dist/tex/latex/graphics/graphics.sty
Package: graphics 2021/03/04 v1.4d Standard LaTeX Graphics (DPC,SPQR)
 (/usr/share/texlive/texmf-dist/tex/latex/graphics/trig.sty
Package: trig 2021/08/11 v1.11 sin cos tan (DPC)
) (/usr/share/texlive/texmf-dist/tex/latex/graphics-cfg/graphics.cfg
File: graphics.cfg 2016/06/04 v1.11 sample graphics configuration
)
Package graphics Info: Driver file: pdftex.def on input line 107.
 (/usr/share/texlive/texmf-dist/tex/latex/graphics-def/pdftex.def
File: pdftex.def 2020/10/05 v1.2a Graphics/color driver for pdftex
))
\Gin@req@height=\dimen139
\Gin@req@width=\dimen140
) (/usr/share/texlive/texmf-dist/tex/latex/tools/bm.sty
Package: bm 2021/04/25 v1.2e Bold Symbol Support (DPC/FMi)
\symboldoperators=\mathgroup4
\symboldletters=\mathgroup5
\symboldsymbols=\mathgroup6
Package bm Info: No bold for \OMX/cmex/m/n, using \pmb.
LaTeX Font Info:    Redeclaring math alphabet \mathbf on input line 149.
) (/usr/share/texlive/texmf-dist/tex/latex/stmaryrd/stmaryrd.sty
Package: stmaryrd 1994/03/03 St Mary's Road symbol package
\symstmry=\mathgroup7
LaTeX Font Info:    Overwriting symbol font `stmry' in version `bold'
(Font)                  U/stmry/m/n --> U/stmry/b/n on input line 89.
) (/usr/share/texlive/texmf-dist/tex/latex/amsmath/amsmath.sty
Package: amsmath 2021/10/15 v2.17l AMS math features
\@mathmargin=\skip49

For additional information on amsmath, use the `?' option.
(/usr/share/texlive/texmf-dist/tex/latex/amsmath/amstext.sty
Package: amstext 2021/08/26 v2.01 AMS text
 (/usr/share/texlive/texmf-dist/tex/latex/amsmath/amsgen.sty
File: amsgen.sty 1999/11/30 v2.0 generic functions
\@emptytoks=\toks17
\ex@=\dimen141
)) (/usr/share/texlive/texmf-dist/tex/latex/amsmath/amsbsy.sty
Package: amsbsy 1999/11/29 v1.2d Bold Symbols
LaTeX Info: Redefining \boldsymbol on input line 28.
\pmbraise@=\dimen142
) (/usr/share/texlive/texmf-dist/tex/latex/amsmath/amsopn.sty
Package: amsopn 2021/08/26 v2.02 operator names
)
\inf@bad=\count193
LaTeX Info: Redefining \frac on input line 234.
\uproot@=\count194
\leftroot@=\count195
LaTeX Info: Redefining \overline on input line 399.
\classnum@=\count196
\DOTSCASE@=\count197
LaTeX Info: Redefining \ldots on input line 496.
LaTeX Info: Redefining \dots on input line 499.
LaTeX Info: Redefining \cdots on input line 620.
\Mathstrutbox@=\box50
\strutbox@=\box51
\big@size=\dimen143
LaTeX Font Info:    Redeclaring font encoding OML on input line 743.
LaTeX Font Info:    Redeclaring font encoding OMS on input line 744.
\macc@depth=\count198
\c@MaxMatrixCols=\count199
\dotsspace@=\muskip16
\c@parentequation=\count266
\dspbrk@lvl=\count267
\tag@help=\toks18
\row@=\count268
\column@=\count269
\maxfields@=\count270
\andhelp@=\toks19
\eqnshift@=\dimen144
\alignsep@=\dimen145
\tagshift@=\dimen146
\tagwidth@=\dimen147
\totwidth@=\dimen148
\lineht@=\dimen149
\@envbody=\toks20
\multlinegap=\skip50
\multlinetaggap=\skip51
\mathdisplay@stack=\toks21
LaTeX Info: Redefining \[ on input line 2938.
LaTeX Info: Redefining \] on input line 2939.
) (/usr/share/texlive/texmf-dist/tex/latex/base/inputenc.sty
Package: inputenc 2021/02/14 v1.3d Input encoding file
\inpenc@prehook=\toks22
\inpenc@posthook=\toks23
) (/usr/share/texlive/texmf-dist/tex/latex/float/float.sty
Package: float 2001/11/08 v1.3d Float enhancements (AL)
\c@float@type=\count271
\float@exts=\toks24
\float@box=\box52
\@float@everytoks=\toks25
\@floatcapt=\box53
) (/usr/share/texlive/texmf-dist/tex/latex/base/fontenc.sty
Package: fontenc 2021/04/29 v2.0v Standard LaTeX package
) (/usr/share/texlive/texmf-dist/tex/latex/hyperref/hyperref.sty
Package: hyperref 2021-06-07 v7.00m Hypertext links for LaTeX
 (/usr/share/texlive/texmf-dist/tex/generic/ltxcmds/ltxcmds.sty
Package: ltxcmds 2020-05-10 v1.25 LaTeX kernel commands for general use (HO)
) (/usr/share/texlive/texmf-dist/tex/generic/iftex/iftex.sty
Package: iftex 2020/03/06 v1.0d TeX engine tests
) (/usr/share/texlive/texmf-dist/tex/generic/pdftexcmds/pdftexcmds.sty
Package: pdftexcmds 2020-06-27 v0.33 Utility functions of pdfTeX for LuaTeX (HO)
 (/usr/share/texlive/texmf-dist/tex/generic/infwarerr/infwarerr.sty
Package: infwarerr 2019/12/03 v1.5 Providing info/warning/error messages (HO)
)
Package pdftexcmds Info: \pdf@primitive is available.
Package pdftexcmds Info: \pdf@ifprimitive is available.
Package pdftexcmds Info: \pdfdraftmode found.
) (/usr/share/texlive/texmf-dist/tex/generic/kvsetkeys/kvsetkeys.sty
Package: kvsetkeys 2019/12/15 v1.18 Key value parser (HO)
) (/usr/share/texlive/texmf-dist/tex/generic/kvdefinekeys/kvdefinekeys.sty
Package: kvdefinekeys 2019-12-19 v1.6 Define keys (HO)
) (/usr/share/texlive/texmf-dist/tex/generic/pdfescape/pdfescape.sty
Package: pdfescape 2019/12/09 v1.15 Implements pdfTeX's escape features (HO)
) (/usr/share/texlive/texmf-dist/tex/latex/hycolor/hycolor.sty
Package: hycolor 2020-01-27 v1.10 Color options for hyperref/bookmark (HO)
) (/usr/share/texlive/texmf-dist/tex/latex/letltxmacro/letltxmacro.sty
Package: letltxmacro 2019/12/03 v1.6 Let assignment for LaTeX macros (HO)
) (/usr/share/texlive/texmf-dist/tex/latex/auxhook/auxhook.sty
Package: auxhook 2019-12-17 v1.6 Hooks for auxiliary files (HO)
) (/usr/share/texlive/texmf-dist/tex/latex/kvoptions/kvoptions.sty
Package: kvoptions 2020-10-07 v3.14 Key value format for package options (HO)
)
\@linkdim=\dimen150
\Hy@linkcounter=\count272
\Hy@pagecounter=\count273
 (/usr/share/texlive/texmf-dist/tex/latex/hyperref/pd1enc.def
File: pd1enc.def 2021-06-07 v7.00m Hyperref: PDFDocEncoding definition (HO)
Now handling font encoding PD1 ...
... no UTF-8 mapping file for font encoding PD1
) (/usr/share/texlive/texmf-dist/tex/latex/hyperref/hyperref-langpatches.def
File: hyperref-langpatches.def 2021-06-07 v7.00m Hyperref: patches for babel languages
) (/usr/share/texlive/texmf-dist/tex/generic/intcalc/intcalc.sty
Package: intcalc 2019/12/15 v1.3 Expandable calculations with integers (HO)
) (/usr/share/texlive/texmf-dist/tex/generic/etexcmds/etexcmds.sty
Package: etexcmds 2019/12/15 v1.7 Avoid name clashes with e-TeX commands (HO)
)
\Hy@SavedSpaceFactor=\count274
 (/usr/share/texlive/texmf-dist/tex/latex/hyperref/puenc.def
File: puenc.def 2021-06-07 v7.00m Hyperref: PDF Unicode definition (HO)
Now handling font encoding PU ...
... no UTF-8 mapping file for font encoding PU
)
Package hyperref Info: Hyper figures OFF on input line 4192.
Package hyperref Info: Link nesting OFF on input line 4197.
Package hyperref Info: Hyper index ON on input line 4200.
Package hyperref Info: Plain pages OFF on input line 4207.
Package hyperref Info: Backreferencing OFF on input line 4212.
Package hyperref Info: Implicit mode ON; LaTeX internals redefined.
Package hyperref Info: Bookmarks ON on input line 4445.
\c@Hy@tempcnt=\count275
 (/usr/share/texlive/texmf-dist/tex/latex/url/url.sty
\Urlmuskip=\muskip17
Package: url 2013/09/16  ver 3.4  Verb mode for urls, etc.
)
LaTeX Info: Redefining \url on input line 4804.
\XeTeXLinkMargin=\dimen151
 (/usr/share/texlive/texmf-dist/tex/generic/bitset/bitset.sty
Package: bitset 2019/12/09 v1.3 Handle bit-vector datatype (HO)
 (/usr/share/texlive/texmf-dist/tex/generic/bigintcalc/bigintcalc.sty
Package: bigintcalc 2019/12/15 v1.5 Expandable calculations on big integers (HO)
))
\Fld@menulength=\count276
\Field@Width=\dimen152
\Fld@charsize=\dimen153
Package hyperref Info: Hyper figures OFF on input line 6076.
Package hyperref Info: Link nesting OFF on input line 6081.
Package hyperref Info: Hyper index ON on input line 6084.
Package hyperref Info: backreferencing OFF on input line 6091.
Package hyperref Info: Link coloring OFF on input line 6096.
Package hyperref Info: Link coloring with OCG OFF on input line 6101.
Package hyperref Info: PDF/A mode OFF on input line 6106.
LaTeX Info: Redefining \ref on input line 6146.
LaTeX Info: Redefining \pageref on input line 6150.
 (/usr/share/texlive/texmf-dist/tex/latex/base/atbegshi-ltx.sty
Package: atbegshi-ltx 2021/01/10 v1.0c Emulation of the original atbegshi
package with kernel methods
)
\Hy@abspage=\count277
\c@Item=\count278
\c@Hfootnote=\count279
)
Package hyperref Info: Driver (autodetected): hpdftex.
 (/usr/share/texlive/texmf-dist/tex/latex/hyperref/hpdftex.def
File: hpdftex.def 2021-06-07 v7.00m Hyperref driver for pdfTeX
 (/usr/share/texlive/texmf-dist/tex/latex/base/atveryend-ltx.sty
Package: atveryend-ltx 2020/08/19 v1.0a Emulation of the original atveryend package
with kernel methods
)
\Fld@listcount=\count280
\c@bookmark@seq@number=\count281
 (/usr/share/texlive/texmf-dist/tex/latex/rerunfilecheck/rerunfilecheck.sty
Package: rerunfilecheck 2019/12/05 v1.9 Rerun checks for auxiliary files (HO)
 (/usr/share/texlive/texmf-dist/tex/generic/uniquecounter/uniquecounter.sty
Package: uniquecounter 2019/12/15 v1.4 Provide unlimited unique counter (HO)
)
Package uniquecounter Info: New unique counter `rerunfilecheck' on input line 286.
)
\Hy@SectionHShift=\skip52
) (/usr/share/texlive/texmf-dist/tex/latex/geometry/geometry.sty
Package: geometry 2020/01/02 v5.9 Page Geometry
 (/usr/share/texlive/texmf-dist/tex/generic/iftex/ifvtex.sty
Package: ifvtex 2019/10/25 v1.7 ifvtex legacy package. Use iftex instead.
)
\Gm@cnth=\count282
\Gm@cntv=\count283
\c@Gm@tempcnt=\count284
\Gm@bindingoffset=\dimen154
\Gm@wd@mp=\dimen155
\Gm@odd@mp=\dimen156
\Gm@even@mp=\dimen157
\Gm@layoutwidth=\dimen158
\Gm@layoutheight=\dimen159
\Gm@layouthoffset=\dimen160
\Gm@layoutvoffset=\dimen161
\Gm@dimlist=\toks26
) (/usr/share/texlive/texmf-dist/tex/latex/amsfonts/amssymb.sty
Package: amssymb 2013/01/14 v3.01 AMS font symbols
 (/usr/share/texlive/texmf-dist/tex/latex/amsfonts/amsfonts.sty
Package: amsfonts 2013/01/14 v3.01 Basic AMSFonts support
\symAMSa=\mathgroup8
\symAMSb=\mathgroup9
LaTeX Font Info:    Redeclaring math symbol \hbar on input line 98.
LaTeX Font Info:    Overwriting math alphabet `\mathfrak' in version `bold'
(Font)                  U/euf/m/n --> U/euf/b/n on input line 106.
)
LaTeX Font Info:    Redeclaring math symbol \boxdot on input line 44.
) (/usr/share/texlive/texmf-dist/tex/latex/amscls/amsthm.sty
Package: amsthm 2020/05/29 v2.20.6
\thm@style=\toks27
\thm@bodyfont=\toks28
\thm@headfont=\toks29
\thm@notefont=\toks30
\thm@headpunct=\toks31
\thm@preskip=\skip53
\thm@postskip=\skip54
\thm@headsep=\skip55
\dth@everypar=\toks32
) (/usr/share/texlive/texmf-dist/tex/latex/jknapltx/mathrsfs.sty
Package: mathrsfs 1996/01/01 Math RSFS package v1.0 (jk)
\symrsfs=\mathgroup10
) (/usr/share/texlive/texmf-dist/tex/latex/tools/multicol.sty
Package: multicol 2021/10/28 v1.9b multicolumn formatting (FMi)
\c@tracingmulticols=\count285
\mult@box=\box54
\multicol@leftmargin=\dimen162
\c@unbalance=\count286
\c@collectmore=\count287
\doublecol@number=\count288
\multicoltolerance=\count289
\multicolpretolerance=\count290
\full@width=\dimen163
\page@free=\dimen164
\premulticols=\dimen165
\postmulticols=\dimen166
\multicolsep=\skip56
\multicolbaselineskip=\skip57
\partial@page=\box55
\last@line=\box56
\maxbalancingoverflow=\dimen167
\mult@rightbox=\box57
\mult@grightbox=\box58
\mult@firstbox=\box59
\mult@gfirstbox=\box60
\@tempa=\box61
\@tempa=\box62
\@tempa=\box63
\@tempa=\box64
\@tempa=\box65
\@tempa=\box66
\@tempa=\box67
\@tempa=\box68
\@tempa=\box69
\@tempa=\box70
\@tempa=\box71
\@tempa=\box72
\@tempa=\box73
\@tempa=\box74
\@tempa=\box75
\@tempa=\box76
\@tempa=\box77
\@tempa=\box78
\@tempa=\box79
\@tempa=\box80
\@tempa=\box81
\@tempa=\box82
\@tempa=\box83
\@tempa=\box84
\@tempa=\box85
\@tempa=\box86
\@tempa=\box87
\@tempa=\box88
\@tempa=\box89
\@tempa=\box90
\@tempa=\box91
\@tempa=\box92
\@tempa=\box93
\@tempa=\box94
\@tempa=\box95
\@tempa=\box96
\c@minrows=\count291
\c@columnbadness=\count292
\c@finalcolumnbadness=\count293
\last@try=\dimen168
\multicolovershoot=\dimen169
\multicolundershoot=\dimen170
\mult@nat@firstbox=\box97
\colbreak@box=\box98
\mc@col@check@num=\count294
) (/usr/share/texlive/texmf-dist/tex/latex/lipsum/lipsum.sty (/usr/share/texlive/texmf-dist/tex/latex/l3packages/l3keys2e/l3keys2e.sty (/usr/share/texlive/texmf-dist/tex/latex/l3kernel/expl3.sty
Package: expl3 2022-01-21 L3 programming layer (loader) 
 (/usr/share/texlive/texmf-dist/tex/latex/l3backend/l3backend-pdftex.def
File: l3backend-pdftex.def 2022-01-12 L3 backend support: PDF output (pdfTeX)
\l__color_backend_stack_int=\count295
\l__pdf_internal_box=\box99
))
Package: l3keys2e 2022-01-12 LaTeX2e option processing using LaTeX3 keys
)
Package: lipsum 2021-09-20 v2.7 150 paragraphs of Lorem Ipsum dummy text
\g__lipsum_par_int=\count296
\l__lipsum_a_int=\count297
\l__lipsum_b_int=\count298
 (/usr/share/texlive/texmf-dist/tex/latex/lipsum/lipsum.ltd.tex)) (/usr/share/texlive/texmf-dist/tex/latex/ragged2e/ragged2e.sty
Package: ragged2e 2021/12/15 v3.1 ragged2e Package
\CenteringLeftskip=\skip58
\RaggedLeftLeftskip=\skip59
\RaggedRightLeftskip=\skip60
\CenteringRightskip=\skip61
\RaggedLeftRightskip=\skip62
\RaggedRightRightskip=\skip63
\CenteringParfillskip=\skip64
\RaggedLeftParfillskip=\skip65
\RaggedRightParfillskip=\skip66
\JustifyingParfillskip=\skip67
\CenteringParindent=\skip68
\RaggedLeftParindent=\skip69
\RaggedRightParindent=\skip70
\JustifyingParindent=\skip71
) (/usr/share/texlive/texmf-dist/tex/latex/eurosym/eurosym.sty
Package: eurosym 1998/08/06 v1.1 European currency symbol ``Euro''
\@eurobox=\box100
) (/usr/share/texlive/texmf-dist/tex/latex/tools/indentfirst.sty
Package: indentfirst 1995/11/23 v1.03 Indent first paragraph (DPC)
) (/usr/share/texlive/texmf-dist/tex/latex/minted/minted.sty
Package: minted 2021/12/24 v2.6 Yet another Pygments shim for LaTeX
 (/usr/share/texlive/texmf-dist/tex/latex/fvextra/fvextra.sty
Package: fvextra 2019/02/04 v1.4 fvextra - extensions and patches for fancyvrb
 (/usr/share/texlive/texmf-dist/tex/latex/base/ifthen.sty
Package: ifthen 2020/11/24 v1.1c Standard LaTeX ifthen package (DPC)
) (/usr/share/texlive/texmf-dist/tex/latex/etoolbox/etoolbox.sty
Package: etoolbox 2020/10/05 v2.5k e-TeX tools for LaTeX (JAW)
\etb@tempcnta=\count299
) (/usr/share/texlive/texmf-dist/tex/latex/fancyvrb/fancyvrb.sty
Package: fancyvrb 2021/12/21 4.1b verbatim text (tvz,hv)
\FV@CodeLineNo=\count300
\FV@InFile=\read2
\FV@TabBox=\box101
\c@FancyVerbLine=\count301
\FV@StepNumber=\count302
\FV@OutFile=\write3
) (/usr/share/texlive/texmf-dist/tex/latex/upquote/upquote.sty
Package: upquote 2012/04/19 v1.3 upright-quote and grave-accent glyphs in verbatim
 (/usr/share/texlive/texmf-dist/tex/latex/base/textcomp.sty
Package: textcomp 2020/02/02 v2.0n Standard LaTeX package
)) (/usr/share/texlive/texmf-dist/tex/latex/lineno/lineno.sty
Package: lineno 2005/11/02 line numbers on paragraphs v4.41
\linenopenalty=\count303
\output=\toks33
\linenoprevgraf=\count304
\linenumbersep=\dimen171
\linenumberwidth=\dimen172
\c@linenumber=\count305
\c@pagewiselinenumber=\count306
\c@LN@truepage=\count307
\c@internallinenumber=\count308
\c@internallinenumbers=\count309
\quotelinenumbersep=\dimen173
\bframerule=\dimen174
\bframesep=\dimen175
\bframebox=\box102
LaTeX Info: Redefining \\ on input line 3056.
)
\c@FV@TrueTabGroupLevel=\count310
\c@FV@TrueTabCounter=\count311
\FV@TabBox@Group=\box103
\FV@TmpLength=\skip72
\c@FV@HighlightLinesStart=\count312
\c@FV@HighlightLinesStop=\count313
\FV@LoopCount=\count314
\FV@NCharsBox=\box104
\FV@BreakIndent=\dimen176
\FV@BreakIndentNChars=\count315
\FV@BreakSymbolSepLeft=\dimen177
\FV@BreakSymbolSepLeftNChars=\count316
\FV@BreakSymbolSepRight=\dimen178
\FV@BreakSymbolSepRightNChars=\count317
\FV@BreakSymbolIndentLeft=\dimen179
\FV@BreakSymbolIndentLeftNChars=\count318
\FV@BreakSymbolIndentRight=\dimen180
\FV@BreakSymbolIndentRightNChars=\count319
\c@FancyVerbLineBreakLast=\count320
\FV@LineBox=\box105
\FV@LineIndentBox=\box106
\FV@LineWidth=\dimen181
) (/usr/share/texlive/texmf-dist/tex/latex/tools/calc.sty
Package: calc 2017/05/25 v4.3 Infix arithmetic (KKT,FJ)
\calc@Acount=\count321
\calc@Bcount=\count322
\calc@Adimen=\dimen182
\calc@Bdimen=\dimen183
\calc@Askip=\skip73
\calc@Bskip=\skip74
LaTeX Info: Redefining \setlength on input line 80.
LaTeX Info: Redefining \addtolength on input line 81.
\calc@Ccount=\count323
\calc@Cskip=\skip75
) (/usr/share/texlive/texmf-dist/tex/latex/tools/shellesc.sty
Package: shellesc 2019/11/08 v1.0c unified shell escape interface for LaTeX
Package shellesc Info: Restricted shell escape enabled on input line 77.
) (/usr/share/texlive/texmf-dist/tex/latex/ifplatform/ifplatform.sty
Package: ifplatform 2017/10/13 v0.4a Testing for the operating system
 (/usr/share/texlive/texmf-dist/tex/generic/catchfile/catchfile.sty
Package: catchfile 2019/12/09 v1.8 Catch the contents of a file (HO)
) (/usr/share/texlive/texmf-dist/tex/generic/iftex/ifluatex.sty
Package: ifluatex 2019/10/25 v1.5 ifluatex legacy package. Use iftex instead.
)

Package ifplatform Warning: 
    shell escape is disabled, so I can only detect \ifwindows.

) (/usr/share/texlive/texmf-dist/tex/generic/xstring/xstring.sty (/usr/share/texlive/texmf-dist/tex/generic/xstring/xstring.tex
\integerpart=\count324
\decimalpart=\count325
)
Package: xstring 2021/07/21 v1.84 String manipulations (CT)
) (/usr/share/texlive/texmf-dist/tex/latex/framed/framed.sty
Package: framed 2011/10/22 v 0.96: framed or shaded text with page breaks
\OuterFrameSep=\skip76
\fb@frw=\dimen184
\fb@frh=\dimen185
\FrameRule=\dimen186
\FrameSep=\dimen187
)
\minted@appexistsfile=\read3
\minted@bgbox=\box107
\minted@code=\write4
\c@minted@FancyVerbLineTemp=\count326
\c@minted@pygmentizecounter=\count327
\@float@every@listing=\toks34
\c@listing=\count328
)
runsystem(mkdir -p _minted-main)...disabled (restricted).



/home/romain/Documents/GitHub/Rédaction thèse/Planar_broken_book_decomposition(4)/main.tex:23: Package minted Error: You must invoke LaTeX with the -shell-escape flag.

See the minted package documentation for explanation.
Type  H <return>  for immediate help.
 ...                                              
                                                  
l.23 \usepackage
                {titlesec}
Pass the -shell-escape flag to LaTeX. Refer to the minted.sty documentation for more information.

(/usr/share/texlive/texmf-dist/tex/latex/titlesec/titlesec.sty
Package: titlesec 2021/07/05 v2.14 Sectioning titles
\ttl@box=\box108
\beforetitleunit=\skip77
\aftertitleunit=\skip78
\ttl@plus=\dimen188
\ttl@minus=\dimen189
\ttl@toksa=\toks35
\titlewidth=\dimen190
\titlewidthlast=\dimen191
\titlewidthfirst=\dimen192
) (/usr/share/texlive/texmf-dist/tex/latex/psnfss/pifont.sty
Package: pifont 2020/03/25 PSNFSS-v9.3 Pi font support (SPQR) 
LaTeX Font Info:    Trying to load font information for U+pzd on input line 63.
 (/usr/share/texlive/texmf-dist/tex/latex/psnfss/upzd.fd
File: upzd.fd 2001/06/04 font definitions for U/pzd.
)
LaTeX Font Info:    Trying to load font information for U+psy on input line 64.
 (/usr/share/texlive/texmf-dist/tex/latex/psnfss/upsy.fd
File: upsy.fd 2001/06/04 font definitions for U/psy.
)) (/usr/share/texlive/texmf-dist/tex/generic/epsf/epsf.sty
This is `epsf.tex' v2.7.4 <14 February 2011>
\epsffilein=\read4
\epsfframemargin=\dimen193
\epsfframethickness=\dimen194
\epsfrsize=\dimen195
\epsftmp=\dimen196
\epsftsize=\dimen197
\epsfxsize=\dimen198
\epsfysize=\dimen199
\pspoints=\dimen256
) (/usr/share/texlive/texmf-dist/tex/latex/caption/caption.sty
Package: caption 2020/10/26 v3.5g Customizing captions (AR)
 (/usr/share/texlive/texmf-dist/tex/latex/caption/caption3.sty
Package: caption3 2020/10/21 v2.2e caption3 kernel (AR)
\captionmargin=\dimen257
\captionmargin@=\dimen258
\captionwidth=\dimen259
\caption@tempdima=\dimen260
\caption@indent=\dimen261
\caption@parindent=\dimen262
\caption@hangindent=\dimen263
Package caption Info: Standard document class detected.
)
\c@caption@flags=\count329
\c@continuedfloat=\count330
Package caption Info: float package is loaded.
Package caption Info: hyperref package is loaded.
) (/usr/share/texlive/texmf-dist/tex/latex/caption/subcaption.sty
Package: subcaption 2020/10/07 v1.3j Sub-captions (AR)
\c@subfigure=\count331
\c@subtable=\count332
) (/usr/share/texlive/texmf-dist/tex/latex/mathtools/mathtools.sty
Package: mathtools 2021/02/02 v1.28 mathematical typesetting tools
 (/usr/share/texlive/texmf-dist/tex/latex/mathtools/mhsetup.sty
Package: mhsetup 2021/03/18 v1.4 programming setup (MH)
)
\g_MT_multlinerow_int=\count333
\l_MT_multwidth_dim=\dimen264
\origjot=\skip79
\l_MT_shortvdotswithinadjustabove_dim=\dimen265
\l_MT_shortvdotswithinadjustbelow_dim=\dimen266
\l_MT_above_intertext_sep=\dimen267
\l_MT_below_intertext_sep=\dimen268
\l_MT_above_shortintertext_sep=\dimen269
\l_MT_below_shortintertext_sep=\dimen270
\xmathstrut@box=\box109
\xmathstrut@dim=\dimen271
) (/usr/share/texlive/texmf-dist/tex/latex/amsmath/amscd.sty
Package: amscd 2017/04/14 v2.1 AMS Commutative Diagrams
\athelp@=\toks36
\minaw@=\dimen272
\bigaw@=\dimen273
\minCDarrowwidth=\dimen274
) (/usr/share/texlive/texmf-dist/tex/latex/subfiles/subfiles.sty
Package: subfiles 2020/11/14 v2.2 Multi-file projects (package)
 (/usr/share/texlive/texmf-dist/tex/latex/import/import.sty
Package: import 2020/04/01  v 6.2
)) (/usr/share/texlive/texmf-dist/tex/latex/enumitem/enumitem.sty
Package: enumitem 2019/06/20 v3.9 Customized lists
\labelindent=\skip80
\enit@outerparindent=\dimen275
\enit@toks=\toks37
\enit@inbox=\box110
\enit@count@id=\count334
\enitdp@description=\count335
) (/usr/share/texlive/texmf-dist/tex/latex/biblatex/biblatex.sty
Package: biblatex 2022/02/02 v3.17 programmable bibliographies (PK/MW)
 (/usr/share/texlive/texmf-dist/tex/latex/logreq/logreq.sty
Package: logreq 2010/08/04 v1.0 xml request logger
\lrq@indent=\count336
 (/usr/share/texlive/texmf-dist/tex/latex/logreq/logreq.def
File: logreq.def 2010/08/04 v1.0 logreq spec v1.0
))
\c@tabx@nest=\count337
\c@listtotal=\count338
\c@listcount=\count339
\c@liststart=\count340
\c@liststop=\count341
\c@citecount=\count342
\c@citetotal=\count343
\c@multicitecount=\count344
\c@multicitetotal=\count345
\c@instcount=\count346
\c@maxnames=\count347
\c@minnames=\count348
\c@maxitems=\count349
\c@minitems=\count350
\c@citecounter=\count351
\c@maxcitecounter=\count352
\c@savedcitecounter=\count353
\c@uniquelist=\count354
\c@uniquename=\count355
\c@refsection=\count356
\c@refsegment=\count357
\c@maxextratitle=\count358
\c@maxextratitleyear=\count359
\c@maxextraname=\count360
\c@maxextradate=\count361
\c@maxextraalpha=\count362
\c@abbrvpenalty=\count363
\c@highnamepenalty=\count364
\c@lownamepenalty=\count365
\c@maxparens=\count366
\c@parenlevel=\count367
\blx@tempcnta=\count368
\blx@tempcntb=\count369
\blx@tempcntc=\count370
\c@blx@maxsection=\count371
\c@blx@maxsegment@0=\count372
\blx@notetype=\count373
\blx@parenlevel@text=\count374
\blx@parenlevel@foot=\count375
\c@blx@sectionciteorder@0=\count376
\blx@entrysetcounter=\count377
\blx@biblioinstance=\count378
\labelnumberwidth=\skip81
\labelalphawidth=\skip82
\biblabelsep=\skip83
\bibitemsep=\skip84
\bibnamesep=\skip85
\bibinitsep=\skip86
\bibparsep=\skip87
\bibhang=\skip88
\blx@bcfin=\read5
\blx@bcfout=\write5
\blx@langwohyphens=\language87
\c@mincomprange=\count379
\c@maxcomprange=\count380
\c@mincompwidth=\count381
Package biblatex Info: Trying to load biblatex default data model...
Package biblatex Info: ... file 'blx-dm.def' found.
 (/usr/share/texlive/texmf-dist/tex/latex/biblatex/blx-dm.def
File: blx-dm.def 2022/02/02 v3.17 biblatex localization (PK/MW)
)
Package biblatex Info: Trying to load biblatex style data model...
Package biblatex Info: ... file 'alphabetic.dbx' not found.
Package biblatex Info: Trying to load biblatex custom data model...
Package biblatex Info: ... file 'biblatex-dm.cfg' not found.
\c@afterword=\count382
\c@savedafterword=\count383
\c@annotator=\count384
\c@savedannotator=\count385
\c@author=\count386
\c@savedauthor=\count387
\c@bookauthor=\count388
\c@savedbookauthor=\count389
\c@commentator=\count390
\c@savedcommentator=\count391
\c@editor=\count392
\c@savededitor=\count393
\c@editora=\count394
\c@savededitora=\count395
\c@editorb=\count396
\c@savededitorb=\count397
\c@editorc=\count398
\c@savededitorc=\count399
\c@foreword=\count400
\c@savedforeword=\count401
\c@holder=\count402
\c@savedholder=\count403
\c@introduction=\count404
\c@savedintroduction=\count405
\c@namea=\count406
\c@savednamea=\count407
\c@nameb=\count408
\c@savednameb=\count409
\c@namec=\count410
\c@savednamec=\count411
\c@translator=\count412
\c@savedtranslator=\count413
\c@shortauthor=\count414
\c@savedshortauthor=\count415
\c@shorteditor=\count416
\c@savedshorteditor=\count417
\c@labelname=\count418
\c@savedlabelname=\count419
\c@institution=\count420
\c@savedinstitution=\count421
\c@lista=\count422
\c@savedlista=\count423
\c@listb=\count424
\c@savedlistb=\count425
\c@listc=\count426
\c@savedlistc=\count427
\c@listd=\count428
\c@savedlistd=\count429
\c@liste=\count430
\c@savedliste=\count431
\c@listf=\count432
\c@savedlistf=\count433
\c@location=\count434
\c@savedlocation=\count435
\c@organization=\count436
\c@savedorganization=\count437
\c@origlocation=\count438
\c@savedoriglocation=\count439
\c@origpublisher=\count440
\c@savedorigpublisher=\count441
\c@publisher=\count442
\c@savedpublisher=\count443
\c@language=\count444
\c@savedlanguage=\count445
\c@origlanguage=\count446
\c@savedoriglanguage=\count447
\c@pageref=\count448
\c@savedpageref=\count449
\shorthandwidth=\skip89
\shortjournalwidth=\skip90
\shortserieswidth=\skip91
\shorttitlewidth=\skip92
\shortauthorwidth=\skip93
\shorteditorwidth=\skip94
\locallabelnumberwidth=\skip95
\locallabelalphawidth=\skip96
\localshorthandwidth=\skip97
\localshortjournalwidth=\skip98
\localshortserieswidth=\skip99
\localshorttitlewidth=\skip100
\localshortauthorwidth=\skip101
\localshorteditorwidth=\skip102
Package biblatex Info: Trying to load compatibility code...
Package biblatex Info: ... file 'blx-compat.def' found.
 (/usr/share/texlive/texmf-dist/tex/latex/biblatex/blx-compat.def
File: blx-compat.def 2022/02/02 v3.17 biblatex compatibility (PK/MW)
)
Package biblatex Info: Trying to load generic definitions...
Package biblatex Info: ... file 'biblatex.def' found.
 (/usr/share/texlive/texmf-dist/tex/latex/biblatex/biblatex.def
File: biblatex.def 2022/02/02 v3.17 biblatex compatibility (PK/MW)
\c@textcitecount=\count450
\c@textcitetotal=\count451
\c@textcitemaxnames=\count452
\c@biburlbigbreakpenalty=\count453
\c@biburlbreakpenalty=\count454
\c@biburlnumpenalty=\count455
\c@biburlucpenalty=\count456
\c@biburllcpenalty=\count457
\biburlbigskip=\muskip18
\biburlnumskip=\muskip19
\biburlucskip=\muskip20
\biburllcskip=\muskip21
\c@smartand=\count458
)
Package biblatex Info: Trying to load bibliography style 'alphabetic'...
Package biblatex Info: ... file 'alphabetic.bbx' found.
 (/usr/share/texlive/texmf-dist/tex/latex/biblatex/bbx/alphabetic.bbx
File: alphabetic.bbx 2022/02/02 v3.17 biblatex bibliography style (PK/MW)
Package biblatex Info: Trying to load bibliography style 'standard'...
Package biblatex Info: ... file 'standard.bbx' found.
 (/usr/share/texlive/texmf-dist/tex/latex/biblatex/bbx/standard.bbx
File: standard.bbx 2022/02/02 v3.17 biblatex bibliography style (PK/MW)
\c@bbx:relatedcount=\count459
\c@bbx:relatedtotal=\count460
))
Package biblatex Info: Trying to load citation style 'alphabetic'...
Package biblatex Info: ... file 'alphabetic.cbx' found.
 (/usr/share/texlive/texmf-dist/tex/latex/biblatex/cbx/alphabetic.cbx
File: alphabetic.cbx 2022/02/02 v3.17 biblatex citation style (PK/MW)
Package biblatex Info: Redefining '\cite'.
Package biblatex Info: Redefining '\parencite'.
Package biblatex Info: Redefining '\footcite'.
Package biblatex Info: Redefining '\footcitetext'.
Package biblatex Info: Redefining '\smartcite'.
Package biblatex Info: Redefining '\textcite'.
Package biblatex Info: Redefining '\textcites'.
Package biblatex Info: Redefining '\cites'.
Package biblatex Info: Redefining '\parencites'.
Package biblatex Info: Redefining '\smartcites'.
)
Package biblatex Info: Trying to load configuration file...
Package biblatex Info: ... file 'biblatex.cfg' found.
 (/usr/share/texlive/texmf-dist/tex/latex/biblatex/biblatex.cfg
File: biblatex.cfg 
)
Package biblatex Info: Input encoding 'utf8' detected.
Package biblatex Info: Document encoding is UTF8 ....
Package biblatex Info: ... and expl3
(biblatex)             2022-01-21 L3 programming layer (loader) 
(biblatex)             is new enough (at least 2020/04/06),
(biblatex)             setting 'casechanger=expl3'.
 (/usr/share/texlive/texmf-dist/tex/latex/biblatex/blx-case-expl3.sty (/usr/share/texlive/texmf-dist/tex/latex/l3packages/xparse/xparse.sty
Package: xparse 2022-01-12 L3 Experimental document command parser
)
Package: blx-case-expl3 2022/02/02 v3.17 expl3 case changing code for biblatex
))
\c@theorem=\count461
\c@corollary=\count462
\c@definition=\count463
 (/usr/share/texlive/texmf-dist/tex/latex/xcolor/xcolor.sty
Package: xcolor 2021/10/31 v2.13 LaTeX color extensions (UK)
 (/usr/share/texlive/texmf-dist/tex/latex/graphics-cfg/color.cfg
File: color.cfg 2016/01/02 v1.6 sample color configuration
)
Package xcolor Info: Driver file: pdftex.def on input line 227.
Package xcolor Info: Model `cmy' substituted by `cmy0' on input line 1352.
Package xcolor Info: Model `hsb' substituted by `rgb' on input line 1356.
Package xcolor Info: Model `RGB' extended on input line 1368.
Package xcolor Info: Model `HTML' substituted by `rgb' on input line 1370.
Package xcolor Info: Model `Hsb' substituted by `hsb' on input line 1371.
Package xcolor Info: Model `tHsb' substituted by `hsb' on input line 1372.
Package xcolor Info: Model `HSB' substituted by `hsb' on input line 1373.
Package xcolor Info: Model `Gray' substituted by `gray' on input line 1374.
Package xcolor Info: Model `wave' substituted by `hsb' on input line 1375.
)
runsystem(which pygmentize && touch main.aex)...disabled (restricted).



/home/romain/Documents/GitHub/Rédaction thèse/Planar_broken_book_decomposition(4)/main.tex:121: Package minted Error: You must have `pygmentize' installed to use this package.

See the minted package documentation for explanation.
Type  H <return>  for immediate help.
 ...                                              
                                                  
l.121 \begin{document}
                      
Refer to the installation instructions in the minted documentation for more information.

\@quotelevel=\count464
\@quotereset=\count465
(./main.aux)
\openout1 = `main.aux'.

LaTeX Font Info:    Checking defaults for OML/cmm/m/it on input line 121.
LaTeX Font Info:    ... okay on input line 121.
LaTeX Font Info:    Checking defaults for OMS/cmsy/m/n on input line 121.
LaTeX Font Info:    ... okay on input line 121.
LaTeX Font Info:    Checking defaults for OT1/cmr/m/n on input line 121.
LaTeX Font Info:    ... okay on input line 121.
LaTeX Font Info:    Checking defaults for T1/cmr/m/n on input line 121.
LaTeX Font Info:    ... okay on input line 121.
LaTeX Font Info:    Checking defaults for TS1/cmr/m/n on input line 121.
LaTeX Font Info:    ... okay on input line 121.
LaTeX Font Info:    Checking defaults for OMX/cmex/m/n on input line 121.
LaTeX Font Info:    ... okay on input line 121.
LaTeX Font Info:    Checking defaults for U/cmr/m/n on input line 121.
LaTeX Font Info:    ... okay on input line 121.
LaTeX Font Info:    Checking defaults for PD1/pdf/m/n on input line 121.
LaTeX Font Info:    ... okay on input line 121.
LaTeX Font Info:    Checking defaults for PU/pdf/m/n on input line 121.
LaTeX Font Info:    ... okay on input line 121.
 (/usr/share/texlive/texmf-dist/tex/context/base/mkii/supp-pdf.mkii
[Loading MPS to PDF converter (version 2006.09.02).]
\scratchcounter=\count466
\scratchdimen=\dimen276
\scratchbox=\box111
\nofMPsegments=\count467
\nofMParguments=\count468
\everyMPshowfont=\toks38
\MPscratchCnt=\count469
\MPscratchDim=\dimen277
\MPnumerator=\count470
\makeMPintoPDFobject=\count471
\everyMPtoPDFconversion=\toks39
) (/usr/share/texlive/texmf-dist/tex/latex/epstopdf-pkg/epstopdf-base.sty
Package: epstopdf-base 2020-01-24 v2.11 Base part for package epstopdf
Package epstopdf-base Info: Redefining graphics rule for `.eps' on input line 485.
 (/usr/share/texlive/texmf-dist/tex/latex/latexconfig/epstopdf-sys.cfg
File: epstopdf-sys.cfg 2010/07/13 v1.3 Configuration of (r)epstopdf for TeX Live
))
Package hyperref Info: Link coloring OFF on input line 121.
 (/usr/share/texlive/texmf-dist/tex/latex/hyperref/nameref.sty
Package: nameref 2021-04-02 v2.47 Cross-referencing by name of section
 (/usr/share/texlive/texmf-dist/tex/latex/refcount/refcount.sty
Package: refcount 2019/12/15 v3.6 Data extraction from label references (HO)
) (/usr/share/texlive/texmf-dist/tex/generic/gettitlestring/gettitlestring.sty
Package: gettitlestring 2019/12/15 v1.6 Cleanup title references (HO)
)
\c@section@level=\count472
)
LaTeX Info: Redefining \ref on input line 121.
LaTeX Info: Redefining \pageref on input line 121.
LaTeX Info: Redefining \nameref on input line 121.
\@outlinefile=\write6
\openout6 = `main.out'.


*geometry* driver: auto-detecting
*geometry* detected driver: pdftex
*geometry* verbose mode - [ preamble ] result:
* driver: pdftex
* paper: <default>
* layout: <same size as paper>
* layoutoffset:(h,v)=(0.0pt,0.0pt)
* modes: 
* h-part:(L,W,R)=(85.35826pt, 443.57848pt, 85.35826pt)
* v-part:(T,H,B)=(85.35826pt, 624.25346pt, 85.35826pt)
* \paperwidth=614.295pt
* \paperheight=794.96999pt
* \textwidth=443.57848pt
* \textheight=624.25346pt
* \oddsidemargin=13.08827pt
* \evensidemargin=13.08827pt
* \topmargin=-23.91173pt
* \headheight=12.0pt
* \headsep=25.0pt
* \topskip=10.0pt
* \footskip=30.0pt
* \marginparwidth=65.0pt
* \marginparsep=11.0pt
* \columnsep=10.0pt
* \skip\footins=9.0pt plus 4.0pt minus 2.0pt
* \hoffset=0.0pt
* \voffset=0.0pt
* \mag=1000
* \@twocolumnfalse
* \@twosidefalse
* \@mparswitchfalse
* \@reversemarginfalse
* (1in=72.27pt=25.4mm, 1cm=28.453pt)

Package caption Info: Begin \AtBeginDocument code.
Package caption Info: End \AtBeginDocument code.
Package biblatex Info: Trying to load language 'english'...
Package biblatex Info: ... file 'english.lbx' found.
(/usr/share/texlive/texmf-dist/tex/latex/biblatex/lbx/english.lbx
File: english.lbx 2022/02/02 v3.17 biblatex localization (PK/MW)
)
Package biblatex Info: Input encoding 'utf8' detected.
Package biblatex Info: Automatic encoding selection.
(biblatex)             Assuming data encoding 'utf8'.
\openout5 = `main.bcf'.

Package biblatex Info: Trying to load bibliographic data...
Package biblatex Info: ... file 'main.bbl' found.
 (./main.bbl)
Package biblatex Info: Reference section=0 on input line 121.
Package biblatex Info: Reference segment=0 on input line 121.
LaTeX Font Info:    Trying to load font information for U+stmry on input line 125.
 (/usr/share/texlive/texmf-dist/tex/latex/stmaryrd/Ustmry.fd)
LaTeX Font Info:    Trying to load font information for U+msa on input line 125.
 (/usr/share/texlive/texmf-dist/tex/latex/amsfonts/umsa.fd
File: umsa.fd 2013/01/14 v3.01 AMS symbols A
)
LaTeX Font Info:    Trying to load font information for U+msb on input line 125.
 (/usr/share/texlive/texmf-dist/tex/latex/amsfonts/umsb.fd
File: umsb.fd 2013/01/14 v3.01 AMS symbols B
)
LaTeX Font Info:    Trying to load font information for U+rsfs on input line 125.
 (/usr/share/texlive/texmf-dist/tex/latex/jknapltx/ursfs.fd
File: ursfs.fd 1998/03/24 rsfs font definition file (jk)
) (./sections/I_NormalForms.tex
Underfull \hbox (badness 10000) in paragraph at lines 8--9

 []


Underfull \hbox (badness 10000) in paragraph at lines 10--12

 []


Underfull \hbox (badness 10000) in paragraph at lines 13--14

 []

[1

{/var/lib/texmf/fonts/map/pdftex/updmap/pdftex.map}]
Underfull \hbox (badness 10000) in paragraph at lines 47--48

 []


Underfull \hbox (badness 10000) in paragraph at lines 49--51

 []


LaTeX Warning: Reference `l:blowup' on page 2 undefined on input line 52.


Underfull \hbox (badness 10000) in paragraph at lines 52--53

 []


Underfull \hbox (badness 10000) in paragraph at lines 54--55

 []


Underfull \hbox (badness 10000) in paragraph at lines 70--71

 []


LaTeX Warning: Reference `l:blowup' on page 2 undefined on input line 84.


Underfull \hbox (badness 10000) in paragraph at lines 84--85

 []

[2]

LaTeX Warning: Reference `l:localasymptotics' on page 3 undefined on input line 93.


Underfull \hbox (badness 10000) in paragraph at lines 93--94

 []


LaTeX Warning: Citation 'wendl_open_2009' on page 3 undefined on input line 112.


LaTeX Warning: Reference `l:radial_coo' on page 3 undefined on input line 116.

[3]
Underfull \hbox (badness 10000) in paragraph at lines 124--125

 []


LaTeX Warning: Reference `f:' on page 4 undefined on input line 136.


LaTeX Warning: Reference `l:localasymptotics' on page 4 undefined on input line 138.


LaTeX Warning: Citation 'wendl_open_2009' on page 4 undefined on input line 139.


LaTeX Warning: Citation 'roux_cas_nodate' on page 4 undefined on input line 139.


LaTeX Warning: Citation 'wendl_holomorphic_2010' on page 4 undefined on input line 139.


Underfull \hbox (badness 10000) in paragraph at lines 136--141

 []

[4]

LaTeX Warning: Reference `' on page 5 undefined on input line 181.


LaTeX Warning: Reference `p:IV' on page 5 undefined on input line 196.


LaTeX Warning: Reference `l:radial_coo' on page 5 undefined on input line 201.


LaTeX Warning: Reference `l:radial_mod' on page 5 undefined on input line 201.


Underfull \hbox (badness 10000) in paragraph at lines 201--202

 []


LaTeX Warning: Reference `l:radial_mod' on page 5 undefined on input line 203.


Underfull \hbox (badness 10000) in paragraph at lines 203--204

 []


Underfull \hbox (badness 10000) in paragraph at lines 205--206

 []

[5]
Underfull \hbox (badness 10000) in paragraph at lines 207--208

 []


Underfull \hbox (badness 10000) in paragraph at lines 209--210

 []


LaTeX Warning: Reference `l:negative_int' on page 6 undefined on input line 211.


Underfull \hbox (badness 10000) in paragraph at lines 218--219

 []


LaTeX Warning: Reference `l:radial_coo' on page 6 undefined on input line 238.


Underfull \hbox (badness 10000) in paragraph at lines 238--239

 []


LaTeX Warning: Reference `l:localasymptotics' on page 6 undefined on input line 240.

[6]

LaTeX Warning: Reference `l:localasymptotics' on page 7 undefined on input line 249.


Underfull \hbox (badness 10000) in paragraph at lines 249--250

 []


Underfull \hbox (badness 10000) in paragraph at lines 261--262

 []


Underfull \hbox (badness 10000) in paragraph at lines 263--264

 []


Underfull \hbox (badness 10000) in paragraph at lines 265--266

 []


LaTeX Warning: Reference `l:radial_mod' on page 7 undefined on input line 274.


LaTeX Warning: Reference `l:radial_mod' on page 7 undefined on input line 278.


LaTeX Warning: Reference `l:localasymptotics' on page 7 undefined on input line 278.

[7]

LaTeX Warning: Reference `l:localmodelnoint' on page 8 undefined on input line 282.


LaTeX Warning: Reference `l:localmodelnoint' on page 8 undefined on input line 282.


LaTeX Warning: Reference `l:localmodelnoint' on page 8 undefined on input line 287.


LaTeX Warning: Reference `l:negative_int' on page 8 undefined on input line 287.

) (./sections/II_ACS.tex

LaTeX Warning: Reference `p:I' on page 8 undefined on input line 8.


LaTeX Warning: Citation 'bao_definition_2018' on page 8 undefined on input line 8.


LaTeX Warning: Citation 'bao_semi-global_2023' on page 8 undefined on input line 8.


LaTeX Warning: Reference `p:VI' on page 8 undefined on input line 8.


LaTeX Warning: Reference `p:V' on page 8 undefined on input line 8.


Underfull \hbox (badness 10000) in paragraph at lines 12--13

 []


LaTeX Warning: Citation 'wendl_open_2009' on page 8 undefined on input line 14.


Underfull \hbox (badness 10000) in paragraph at lines 14--15

 []

[8]

LaTeX Warning: Citation 'wendl_open_2009' on page 9 undefined on input line 33.


LaTeX Warning: Citation 'wendl_open_2009' on page 9 undefined on input line 40.


Underfull \hbox (badness 10000) in paragraph at lines 53--54

 []


LaTeX Warning: Reference `d:exact_acs' on page 9 undefined on input line 55.


Underfull \hbox (badness 10000) in paragraph at lines 58--59

 []


LaTeX Warning: Reference `r:BorD1' on page 9 undefined on input line 63.

[9]

LaTeX Warning: Reference `p:I' on page 10 undefined on input line 76.


LaTeX Warning: Reference `d:exact_acs' on page 10 undefined on input line 80.


LaTeX Warning: Reference `prop:lift_methodCReq' on page 10 undefined on input line 84.


LaTeX Warning: Reference `prop:lift_methodFLOW' on page 10 undefined on input line 84.


LaTeX Warning: Reference `d:exact_acs' on page 10 undefined on input line 84.


LaTeX Warning: Reference `l:localasymptotics' on page 10 undefined on input line 92.


LaTeX Warning: Reference `d:exact_acs' on page 10 undefined on input line 92.


LaTeX Warning: Reference `r:theta_dependancy' on page 10 undefined on input line 92.


LaTeX Warning: Reference `p:I' on page 10 undefined on input line 92.


Underfull \hbox (badness 10000) in paragraph at lines 92--93

 []


LaTeX Warning: Reference `l:radial_mod' on page 10 undefined on input line 95.


LaTeX Warning: Reference `d:exact_acs' on page 10 undefined on input line 95.


LaTeX Warning: Reference `l:localmodhyp' on page 10 undefined on input line 95.


LaTeX Warning: Reference `l:localasymptotics' on page 10 undefined on input line 95.


Underfull \hbox (badness 10000) in paragraph at lines 95--96

 []


LaTeX Warning: Reference `l:localmodelnoint' on page 10 undefined on input line 97.

[10]

LaTeX Warning: Reference `l:localmodelnoint' on page 11 undefined on input line 123.


Underfull \hbox (badness 10000) in paragraph at lines 125--126

 []


Underfull \hbox (badness 10000) in paragraph at lines 127--128

 []


Underfull \hbox (badness 10000) in paragraph at lines 129--130

 []


LaTeX Warning: Citation 'cieliebak_stein_2012' on page 11 undefined on input line 131.

[11]
Underfull \hbox (badness 10000) in paragraph at lines 151--154

 []


Underfull \hbox (badness 10000) in paragraph at lines 171--172

 []


Underfull \hbox (badness 10000) in paragraph at lines 182--183

 []

[12]

LaTeX Warning: Reference `p:VI' on page 13 undefined on input line 200.


LaTeX Warning: Citation 'roux_cas_nodate' on page 13 undefined on input line 200.


LaTeX Warning: Citation 'moreno_holomorphic_2019' on page 13 undefined on input line 200.


LaTeX Warning: Citation 'wendl_open_2009' on page 13 undefined on input line 200.


LaTeX Warning: Citation 'roux_cas_nodate' on page 13 undefined on input line 200.


Underfull \hbox (badness 10000) in paragraph at lines 200--201

 []


LaTeX Warning: Reference `l:radial_mod' on page 13 undefined on input line 214.

[13]

LaTeX Warning: Reference `p:VI' on page 14 undefined on input line 232.


Underfull \hbox (badness 10000) in paragraph at lines 232--233

 []


Underfull \hbox (badness 10000) in paragraph at lines 237--238

 []


Underfull \hbox (badness 10000) in paragraph at lines 262--263

 []


LaTeX Warning: Reference `prop:lift_methodFLOW' on page 14 undefined on input line 292.

[14]

LaTeX Warning: Citation 'roux_cas_nodate' on page 15 undefined on input line 298.


LaTeX Warning: Citation 'moreno_holomorphic_2019' on page 15 undefined on input line 298.


LaTeX Warning: Citation 'dugast_sutured_2026' on page 15 undefined on input line 298.


Overfull \hbox (17.67648pt too wide) in paragraph at lines 298--299
\T1/cmr/m/n/10 based on [[]] and [[]] ; see also [[]]
 []


LaTeX Warning: Reference `p:VI' on page 15 undefined on input line 310.


LaTeX Warning: Citation 'bao_definition_2018' on page 15 undefined on input line 314.


LaTeX Warning: Citation 'bao_semi-global_2023' on page 15 undefined on input line 314.


Overfull \hbox (143.21185pt too wide) in paragraph at lines 314--315
\T1/cmr/m/n/10 very close to the no-tion of $\OML/cmm/m/it/10 L$\T1/cmr/m/n/10 -simple al-most com-plex struc-tures used by Bao-Honda [[]],[[]]
 []


Underfull \hbox (badness 10000) in paragraph at lines 314--315

 []


LaTeX Warning: Citation 'bao_definition_2018' on page 15 undefined on input line 316.


LaTeX Warning: Citation 'bao_semi-global_2023' on page 15 undefined on input line 316.


Overfull \hbox (110.47543pt too wide) in paragraph at lines 316--317
\T1/cmr/m/n/10 nents in the 3-dimensional man-i-fold $\OML/cmm/m/it/10 M$\T1/cmr/m/n/10 . We re-call first the def-i-ni-tions from [[]],[[]]
 []


LaTeX Warning: Citation 'bao_definition_2018' on page 15 undefined on input line 330.


LaTeX Warning: Citation 'bourgeois_compactness_2003' on page 15 undefined on input line 332.

[15]

LaTeX Warning: Reference `prop:rigid_pages_eigenfunc' on page 16 undefined on input line 349.


LaTeX Warning: Citation 'siefring_intersection_2011' on page 16 undefined on input line 382.


LaTeX Warning: Citation 'zhou_unknottedness_2025' on page 16 undefined on input line 382.


Overfull \hbox (84.41112pt too wide) in paragraph at lines 382--383
\T1/cmr/m/n/10 hence we can make use of this the-ory as usual even for such mod-els near the ends. See also [[]],
 []


LaTeX Warning: Reference `d:simple_mod' on page 16 undefined on input line 390.


LaTeX Warning: Reference `prop:lift_stein' on page 16 undefined on input line 390.


Underfull \hbox (badness 10000) in paragraph at lines 390--391

 []

[16]
Underfull \hbox (badness 10000) in paragraph at lines 406--408

 []


LaTeX Warning: Reference `l:lift_ends' on page 17 undefined on input line 409.


Underfull \hbox (badness 10000) in paragraph at lines 409--412

 []


LaTeX Warning: Reference `prop:lift_methodFLOW' on page 17 undefined on input line 413.


LaTeX Warning: Reference `p:V' on page 17 undefined on input line 417.


LaTeX Warning: Reference `d:SHS_ACS_5D' on page 17 undefined on input line 420.

[17]

LaTeX Warning: Reference `prop:rigid_pages_eigenfunc' on page 18 undefined on input line 452.


LaTeX Warning: Reference `prop: properties_hypersurfaces' on page 18 undefined on input line 458.


LaTeX Warning: Reference `prop:rigid_pages_eigenfunc' on page 18 undefined on input line 463.

[18]

LaTeX Warning: Reference `prop:rigid_pages_eigenfunc' on page 19 undefined on input line 475.


LaTeX Warning: Reference `prop:rigid_pages_eigenfunc' on page 19 undefined on input line 502.


LaTeX Warning: Reference `prop: properties_hypersurfaces' on page 19 undefined on input line 505.


LaTeX Warning: Citation 'zhou_unknottedness_2025' on page 19 undefined on input line 512.


LaTeX Warning: Citation 'roux_cas_nodate' on page 19 undefined on input line 512.


LaTeX Warning: Citation 'zhou_unknottedness_2025' on page 19 undefined on input line 513.

[19]

LaTeX Warning: Reference `p:V' on page 20 undefined on input line 517.

) (./sections/III_FEF.tex

LaTeX Warning: Reference `p:II' on page 20 undefined on input line 8.


LaTeX Warning: Citation 'siefring_intersection_2011' on page 20 undefined on input line 12.


LaTeX Warning: Citation 'wendl_contact_2019' on page 20 undefined on input line 12.


Overfull \hbox (4.39253pt too wide) in paragraph at lines 12--13
\T1/cmr/m/n/10 sec-tion the-ory in di-men-sion $\OT1/cmr/m/n/10 3$\T1/cmr/m/n/10 , and re-fer to [[]] or [[]]
 []


Underfull \hbox (badness 10000) in paragraph at lines 12--13

 []


LaTeX Warning: Reference `prop:lift_stein' on page 20 undefined on input line 15.


Underfull \hbox (badness 10000) in paragraph at lines 19--20

 []


Underfull \hbox (badness 10000) in paragraph at lines 21--22

 []


Underfull \hbox (badness 10000) in paragraph at lines 23--24

 []

[20]

LaTeX Warning: Reference `l:radial_mod' on page 21 undefined on input line 25.


LaTeX Warning: Reference `l:negative_int' on page 21 undefined on input line 25.


Underfull \hbox (badness 10000) in paragraph at lines 25--26

 []


Underfull \hbox (badness 10000) in paragraph at lines 33--34

 []


Underfull \hbox (badness 10000) in paragraph at lines 37--40

 []


Underfull \hbox (badness 10000) in paragraph at lines 41--42

 []

[21]

LaTeX Warning: Citation 'wendl_automatic_2009' on page 22 undefined on input line 43.


Underfull \hbox (badness 10000) in paragraph at lines 43--44

 []


LaTeX Warning: Citation 'wendl_automatic_2009' on page 22 undefined on input line 45.


LaTeX Warning: Reference `subp:simple_acs' on page 22 undefined on input line 53.


LaTeX Warning: Reference `VI' on page 22 undefined on input line 53.


Underfull \hbox (badness 10000) in paragraph at lines 65--66

 []


Underfull \hbox (badness 10000) in paragraph at lines 67--70

 []


LaTeX Warning: Citation 'wendl_automatic_2009' on page 22 undefined on input line 71.

[22]

LaTeX Warning: Citation 'hutchings_gluing_2007' on page 23 undefined on input line 89.


Underfull \hbox (badness 10000) in paragraph at lines 102--103

 []


LaTeX Warning: Citation 'wendl_contact_2019' on page 23 undefined on input line 104.


LaTeX Warning: Reference `l:index_computation_rigid' on page 23 undefined on input line 110.

[23]

LaTeX Warning: Reference `l:index_computation_rigid' on page 24 undefined on input line 126.


LaTeX Warning: Reference `l:index_computation_rigid' on page 24 undefined on input line 127.


LaTeX Warning: Reference `l:gluing_rigid_pages' on page 24 undefined on input line 130.


LaTeX Warning: Citation 'SOBD2' on page 24 undefined on input line 133.


Underfull \hbox (badness 10000) in paragraph at lines 142--143

 []


LaTeX Warning: Reference `p:V' on page 24 undefined on input line 149.


LaTeX Warning: Citation 'wendl_automatic_2009' on page 24 undefined on input line 149.


LaTeX Warning: Citation 'wendl_compactness_2008' on page 24 undefined on input line 149.


LaTeX Warning: Citation 'cioba_nicely_nodate' on page 24 undefined on input line 149.


LaTeX Warning: Citation 'SOBD2' on page 24 undefined on input line 149.


LaTeX Warning: Citation 'hofer_properties_nodate' on page 24 undefined on input line 155.


Overfull \hbox (64.61826pt too wide) in paragraph at lines 154--156
\T1/cmr/m/n/10 main in-gre-di-ent in that case will be an in-equal-ity on the fol-low-ing quan-ti-ties, de-fined in [[]]. 
 []

[24]

LaTeX Warning: Reference `p:V' on page 25 undefined on input line 189.


Underfull \hbox (badness 10000) in paragraph at lines 189--190

 []


LaTeX Warning: Citation 'wendl_compactness_2008' on page 25 undefined on input line 191.


LaTeX Warning: Reference `l:gluing_rigid_pages' on page 25 undefined on input line 212.


LaTeX Warning: Reference `t:théorème_1' on page 25 undefined on input line 215.


Underfull \hbox (badness 10000) in paragraph at lines 215--218

 []

[25]

LaTeX Warning: Reference `t:théorème_1' on page 26 undefined on input line 219.


Underfull \hbox (badness 10000) in paragraph at lines 219--221

 []


LaTeX Warning: Reference `r:lift_pages' on page 26 undefined on input line 222.


LaTeX Warning: Reference `t:compactness_nice' on page 26 undefined on input line 222.


LaTeX Warning: Citation 'wendl_open_2009' on page 26 undefined on input line 222.


Underfull \hbox (badness 10000) in paragraph at lines 222--223

 []


Underfull \hbox (badness 10000) in paragraph at lines 224--225

 []


LaTeX Warning: Reference `l:gluing_rigid_pages' on page 26 undefined on input line 226.


Underfull \hbox (badness 10000) in paragraph at lines 226--227

 []

[26]
Underfull \hbox (badness 10000) in paragraph at lines 228--229

 []


Underfull \hbox (badness 10000) in paragraph at lines 230--231

 []


LaTeX Warning: Reference `t:compactness_nice' on page 27 undefined on input line 232.


Underfull \hbox (badness 10000) in paragraph at lines 232--233

 []


Underfull \hbox (badness 10000) in paragraph at lines 234--235

 []


LaTeX Warning: Citation 'wendl_contact_2019' on page 27 undefined on input line 236.


Underfull \hbox (badness 10000) in paragraph at lines 236--237

 []

[27]
Underfull \hbox (badness 10000) in paragraph at lines 238--239

 []


Underfull \hbox (badness 10000) in paragraph at lines 240--241

 []


Underfull \hbox (badness 10000) in paragraph at lines 242--243

 []


LaTeX Warning: Citation 'wendl_strongly_2010' on page 28 undefined on input line 258.


LaTeX Warning: Reference `l:intersection_gluing_others' on page 28 undefined on input line 262.


LaTeX Warning: Reference `d:simple_mod' on page 28 undefined on input line 266.

[28]) (./sections/IV_ Structure of BBD.tex

LaTeX Warning: Citation 'SOBD1' on page 29 undefined on input line 6.


LaTeX Warning: Citation 'SOBD2' on page 29 undefined on input line 6.


Overfull \hbox (77.59981pt too wide) in paragraph at lines 6--7
[]\T1/cmr/m/n/10 The pur-pose of this sec-tion is to in-ves-ti-gate the con-nec-tion be-tween spinal open book decompositions[[]],[[]],
 []


LaTeX Warning: Citation 'SOBD1' on page 29 undefined on input line 10.


LaTeX Font Warning: Font shape `U/stmry/b/n' undefined
(Font)              using `U/stmry/m/n' instead on input line 18.

[29]

LaTeX Warning: Citation 'SOBD1' on page 30 undefined on input line 64.


Underfull \hbox (badness 10000) in paragraph at lines 64--65

 []


Underfull \hbox (badness 10000) in paragraph at lines 66--67

 []


LaTeX Warning: Reference `d:multiplicity_SOBD' on page 30 undefined on input line 76.


LaTeX Warning: Reference `r:liouville_form' on page 30 undefined on input line 76.


LaTeX Warning: Citation 'SOBD2' on page 30 undefined on input line 77.


LaTeX Warning: Citation 'Latschev_2011' on page 30 undefined on input line 92.

[30]

LaTeX Warning: Reference `d:contact_form_SOBD' on page 31 undefined on input line 100.


LaTeX Warning: Citation 'SOBD1' on page 31 undefined on input line 112.


LaTeX Warning: Reference `d:spinal_to_BBD' on page 31 undefined on input line 112.


LaTeX Warning: Citation 'SOBD1' on page 31 undefined on input line 121.


LaTeX Warning: Citation 'SOBD1' on page 31 undefined on input line 129.


LaTeX Warning: Reference `d:contact_form_SOBD' on page 31 undefined on input line 131.

[31]

LaTeX Warning: Citation 'SOBD1' on page 32 undefined on input line 137.

[32]

LaTeX Warning: Reference `d:contact_form_SOBD' on page 33 undefined on input line 175.


LaTeX Warning: Reference `d:contact_form_SOBD' on page 33 undefined on input line 179.


LaTeX Warning: Reference `l:radial_mod' on page 33 undefined on input line 179.


LaTeX Warning: Reference `l:contact_BBD_to_SOBD' on page 33 undefined on input line 179.


Underfull \hbox (badness 10000) in paragraph at lines 179--180

 []


LaTeX Warning: Citation 'geiges_introduction_nodate' on page 33 undefined on input line 181.


LaTeX Warning: Reference `l:contact_BBD_to_SOBD' on page 33 undefined on input line 181.


Overfull \hbox (24.75993pt too wide) in paragraph at lines 181--182
[]\T1/cmr/m/n/10 Starting of the stan-dard proof of Gray's the-o-rem us-ing the Moser trick, see [[]]
 []

[33]

LaTeX Warning: Reference `' on page 34 undefined on input line 186.

[34] [35]
Underfull \hbox (badness 10000) in paragraph at lines 274--276

 []

[36]
Underfull \hbox (badness 10000) in paragraph at lines 277--278

 []


LaTeX Warning: Citation 'SOBD2' on page 37 undefined on input line 279.


LaTeX Warning: Citation 'SOBD2' on page 37 undefined on input line 308.


Underfull \hbox (badness 10000) in paragraph at lines 308--309

 []

[37]

LaTeX Warning: Citation 'SOBD2' on page 38 undefined on input line 328.


Underfull \hbox (badness 10000) in paragraph at lines 331--332

 []


LaTeX Warning: Citation 'colin_existence_2022' on page 38 undefined on input line 344.


LaTeX Warning: Citation 'SOBD1' on page 38 undefined on input line 365.


Underfull \hbox (badness 10000) in paragraph at lines 365--366

 []

[38]
Underfull \hbox (badness 10000) in paragraph at lines 381--383

 []


Underfull \hbox (badness 10000) in paragraph at lines 384--385

 []


Underfull \hbox (badness 10000) in paragraph at lines 386--387

 []


Underfull \hbox (badness 10000) in paragraph at lines 388--389

 []


Underfull \hbox (badness 10000) in paragraph at lines 393--394

 []


Underfull \hbox (badness 10000) in paragraph at lines 395--396

 []


LaTeX Warning: Citation 'SOBD2' on page 39 undefined on input line 407.


LaTeX Warning: Reference `t:théorème_1' on page 39 undefined on input line 407.

[39]) (./sections/V_Fillings of BBD.tex

LaTeX Warning: Citation 'wendl_strongly_2010' on page 40 undefined on input line 7.


LaTeX Warning: Citation 'SOBD2' on page 40 undefined on input line 7.


Underfull \hbox (badness 10000) in paragraph at lines 7--8

 []


Underfull \hbox (badness 10000) in paragraph at lines 11--12

 []


LaTeX Warning: Citation 'wendl_holomorphic_2018' on page 40 undefined on input line 13.


Underfull \hbox (badness 10000) in paragraph at lines 13--14

 []


LaTeX Warning: Reference `p:IV' on page 40 undefined on input line 15.


Underfull \hbox (badness 10000) in paragraph at lines 15--16

 []


LaTeX Warning: Citation 'min_spinal_2024' on page 40 undefined on input line 17.

[40]
Underfull \hbox (badness 10000) in paragraph at lines 30--32

 []


Underfull \hbox (badness 10000) in paragraph at lines 33--35

 []


LaTeX Warning: Reference `f' on page 41 undefined on input line 42.


LaTeX Warning: Reference `d:exotic_coo' on page 41 undefined on input line 53.

[41]

LaTeX Warning: Reference `r:encode_sectorial' on page 42 undefined on input line 62.


LaTeX Warning: Reference `p:IV' on page 42 undefined on input line 62.


Underfull \hbox (badness 10000) in paragraph at lines 64--65

 []


LaTeX Warning: Citation 'p:IV' on page 42 undefined on input line 78.


Underfull \hbox (badness 10000) in paragraph at lines 76--81

 []

[42]

LaTeX Warning: Reference `l:spinal_to_BBD_contact' on page 43 undefined on input line 100.


LaTeX Warning: Reference `p:simplification_BBD' on page 43 undefined on input line 100.


LaTeX Warning: Reference `IV' on page 43 undefined on input line 104.


Underfull \hbox (badness 10000) in paragraph at lines 117--118

 []


Underfull \hbox (badness 10000) in paragraph at lines 119--120

 []

[43]

LaTeX Warning: Reference `t:théorème_1' on page 44 undefined on input line 129.


LaTeX Warning: Citation 'SOBD2' on page 44 undefined on input line 142.


Underfull \hbox (badness 10000) in paragraph at lines 142--143

 []


LaTeX Warning: Reference `t:filling' on page 44 undefined on input line 145.


LaTeX Warning: Citation 'wendl_strongly_2010' on page 44 undefined on input line 145.


Underfull \hbox (badness 10000) in paragraph at lines 144--146

 []


LaTeX Warning: Reference `p:I' on page 44 undefined on input line 147.


Underfull \hbox (badness 10000) in paragraph at lines 147--148

 []

[44]
Underfull \hbox (badness 10000) in paragraph at lines 150--151

 []


LaTeX Warning: Reference `p:I' on page 45 undefined on input line 152.


Underfull \hbox (badness 10000) in paragraph at lines 165--166

 []


LaTeX Warning: Citation 'SOBD2' on page 45 undefined on input line 174.


Underfull \hbox (badness 10000) in paragraph at lines 179--181

 []


Underfull \hbox (badness 10000) in paragraph at lines 192--194

 []

[45]
Underfull \hbox (badness 10000) in paragraph at lines 195--196

 []


Underfull \hbox (badness 10000) in paragraph at lines 199--201

 []


Underfull \hbox (badness 10000) in paragraph at lines 202--203

 []


Underfull \hbox (badness 10000) in paragraph at lines 204--205

 []


Underfull \hbox (badness 10000) in paragraph at lines 206--207

 []


Underfull \hbox (badness 10000) in paragraph at lines 208--209

 []


LaTeX Warning: Citation 'SOBD2' on page 46 undefined on input line 215.


Underfull \hbox (badness 10000) in paragraph at lines 215--216

 []

[46]

LaTeX Warning: Citation 'SOBD2' on page 47 undefined on input line 248.


LaTeX Warning: Citation 'SOBD2' on page 47 undefined on input line 264.

[47]
Underfull \hbox (badness 10000) in paragraph at lines 273--274

 []


LaTeX Warning: Citation 'SOBD2' on page 48 undefined on input line 281.


LaTeX Warning: Citation 'wendl_automatic_2009' on page 48 undefined on input line 290.


LaTeX Warning: Citation 'SOBD2' on page 48 undefined on input line 298.

[48]

LaTeX Warning: Citation 'SOBD2' on page 49 undefined on input line 324.


LaTeX Warning: Citation 'SOBD2' on page 49 undefined on input line 335.

[49]

LaTeX Warning: Citation 'SOBD2' on page 50 undefined on input line 347.


Underfull \hbox (badness 10000) in paragraph at lines 347--348

 []

[50]

LaTeX Warning: Citation 'SOBD2' on page 51 undefined on input line 370.


LaTeX Warning: Citation 'wendl_contact_2019' on page 51 undefined on input line 375.


LaTeX Warning: Citation 'SOBD2' on page 51 undefined on input line 379.


LaTeX Warning: Citation 'SOBD2' on page 51 undefined on input line 386.


LaTeX Warning: Citation 'SOBD2' on page 51 undefined on input line 397.

[51]

LaTeX Warning: Citation 'wendl_automatic_2009' on page 52 undefined on input line 429.

[52]
Underfull \hbox (badness 10000) in paragraph at lines 440--441

 []


LaTeX Warning: Citation 'SOBD2' on page 53 undefined on input line 447.


LaTeX Warning: Citation 'SOBD2' on page 53 undefined on input line 457.


Underfull \hbox (badness 10000) in paragraph at lines 457--460

 []

[53]

LaTeX Warning: Citation 'SOBD2' on page 54 undefined on input line 470.


Underfull \hbox (badness 10000) in paragraph at lines 482--483

 []


LaTeX Warning: Citation 'SOBD2' on page 54 undefined on input line 484.


LaTeX Warning: Citation 'SOBD2' on page 54 undefined on input line 493.


Underfull \hbox (badness 10000) in paragraph at lines 493--494

 []


Underfull \hbox (badness 10000) in paragraph at lines 495--496

 []


LaTeX Warning: Citation 'min_spinal_2024' on page 54 undefined on input line 497.

[54]) (./sections/VI_Weinstein and OBG.tex

LaTeX Warning: Citation 'abbas_weinstein_2005' on page 55 undefined on input line 9.


LaTeX Warning: Citation 'abbas_weinstein_2005' on page 55 undefined on input line 11.


Underfull \hbox (badness 10000) in paragraph at lines 22--23

 []

[55]

LaTeX Warning: Citation 'acu_weinstein_2017' on page 56 undefined on input line 37.


Underfull \hbox (badness 10000) in paragraph at lines 37--38

 []


LaTeX Warning: Citation 'roux_cas_nodate' on page 56 undefined on input line 39.


LaTeX Warning: Citation 'wendl_open_2009' on page 56 undefined on input line 39.


Underfull \hbox (badness 10000) in paragraph at lines 39--41

 []


LaTeX Warning: Citation 'roux_cas_nodate' on page 56 undefined on input line 61.


LaTeX Warning: Citation 'wendl_open_2009' on page 56 undefined on input line 61.


LaTeX Warning: Citation 'wendl_holomorphic_2010' on page 56 undefined on input line 61.


LaTeX Warning: Citation 'geiges_introduction_nodate' on page 56 undefined on input line 61.


Underfull \hbox (badness 10000) in paragraph at lines 61--62

 []

[56]

LaTeX Warning: Citation 'roux_cas_nodate' on page 57 undefined on input line 63.


Underfull \hbox (badness 10000) in paragraph at lines 73--74

 []


Underfull \hbox (badness 10000) in paragraph at lines 75--76

 []


Underfull \hbox (badness 10000) in paragraph at lines 77--78

 []


Underfull \hbox (badness 10000) in paragraph at lines 79--80

 []


Underfull \hbox (badness 10000) in paragraph at lines 88--90

 []

[57]
Underfull \hbox (badness 10000) in paragraph at lines 105--106

 []


Underfull \hbox (badness 10000) in paragraph at lines 107--108

 []

[58]) (./sections/VII_Examples.tex
Underfull \hbox (badness 10000) in paragraph at lines 8--9

 []


LaTeX Warning: Citation 'SOBD1' on page 59 undefined on input line 12.

[59]
Underfull \hbox (badness 10000) in paragraph at lines 18--19

 []


Underfull \hbox (badness 10000) in paragraph at lines 20--21

 []

[60]
Underfull \hbox (badness 10000) in paragraph at lines 66--68

 []


Underfull \hbox (badness 10000) in paragraph at lines 69--71

 []


Underfull \hbox (badness 10000) in paragraph at lines 72--73

 []


Underfull \hbox (badness 10000) in paragraph at lines 101--102

 []

[61]) (./sections/VIII_Conclusion.tex) [62]

LaTeX Warning: Empty bibliography on input line 136.

(./main.aux)

LaTeX Font Warning: Some font shapes were not available, defaults substituted.


LaTeX Warning: There were undefined references.


LaTeX Warning: Label(s) may have changed. Rerun to get cross-references right.


Package rerunfilecheck Warning: File `main.out' has changed.
(rerunfilecheck)                Rerun to get outlines right
(rerunfilecheck)                or use package `bookmark'.

Package rerunfilecheck Info: Checksums for `main.out':
(rerunfilecheck)             Before: <no file>
(rerunfilecheck)             After:  DB032ACF113AC932ED2DF68D63AB9CAF;5576.

Package biblatex Warning: Please (re)run Biber on the file:
(biblatex)                main
(biblatex)                and rerun LaTeX afterwards.

Package logreq Info: Writing requests to 'main.run.xml'.
\openout1 = `main.run.xml'.

 ) 
Here is how much of TeX's memory you used:
 25352 strings out of 478287
 452999 string characters out of 5849289
 1288252 words of memory out of 5000000
 42867 multiletter control sequences out of 15000+600000
 493537 words of font info for 99 fonts, out of 8000000 for 9000
 1141 hyphenation exceptions out of 8191
 75i,12n,81p,2691b,1451s stack positions out of 5000i,500n,10000p,200000b,80000s
{/usr/share/texmf/fonts/enc/dvips/cm-super/cm-super-t1.enc}{/usr/share/texmf/fonts/enc/dvips/cm-super/cm-super-ts1.enc}</usr/share/texlive/texmf-dist/fonts/type1/public/amsfonts/cm/cmex10.pfb></usr/share/texlive/texmf-dist/fonts/type1/public/amsfonts/cm/cmmi10.pfb></usr/share/texlive/texmf-dist/fonts/type1/public/amsfonts/cm/cmmi5.pfb></usr/share/texlive/texmf-dist/fonts/type1/public/amsfonts/cm/cmmi7.pfb></usr/share/texlive/texmf-dist/fonts/type1/public/amsfonts/cm/cmmib10.pfb></usr/share/texlive/texmf-dist/fonts/type1/public/amsfonts/cmextra/cmmib7.pfb></usr/share/texlive/texmf-dist/fonts/type1/public/amsfonts/cm/cmr10.pfb></usr/share/texlive/texmf-dist/fonts/type1/public/amsfonts/cm/cmr5.pfb></usr/share/texlive/texmf-dist/fonts/type1/public/amsfonts/cm/cmr7.pfb></usr/share/texlive/texmf-dist/fonts/type1/public/amsfonts/cm/cmsy10.pfb></usr/share/texlive/texmf-dist/fonts/type1/public/amsfonts/cm/cmsy5.pfb></usr/share/texlive/texmf-dist/fonts/type1/public/amsfonts/cm/cmsy7.pfb></usr/share/texlive/texmf-dist/fonts/type1/public/amsfonts/symbols/msbm10.pfb></usr/share/texlive/texmf-dist/fonts/type1/public/amsfonts/symbols/msbm7.pfb></usr/share/texmf/fonts/type1/public/cm-super/sfbx1000.pfb></usr/share/texmf/fonts/type1/public/cm-super/sfbx1200.pfb></usr/share/texmf/fonts/type1/public/cm-super/sfbx1440.pfb></usr/share/texmf/fonts/type1/public/cm-super/sfrm1000.pfb></usr/share/texmf/fonts/type1/public/cm-super/sfrm1200.pfb></usr/share/texmf/fonts/type1/public/cm-super/sfrm1728.pfb></usr/share/texmf/fonts/type1/public/cm-super/sfti1000.pfb>
Output written on main.pdf (62 pages, 619987 bytes).
PDF statistics:
 661 PDF objects out of 1000 (max. 8388607)
 548 compressed objects within 6 object streams
 282 named destinations out of 1000 (max. 500000)
 1 words of extra memory for PDF output out of 10000 (max. 10000000)

